Bem-vindo ao ORBITO-3.
Jogo contra o computador (facil).
O jogador joga com 'X'.
    a   b   c   d   e   f
01 [ ]-[ ]-[ ]-[ ]-[ ]-[ ]
    |   |   |   |   |   |
02 [ ]-[ ]-[ ]-[ ]-[ ]-[ ]
    |   |   |   |   |   |
03 [ ]-[ ]-[ ]-[ ]-[ ]-[ ]
    |   |   |   |   |   |
04 [ ]-[ ]-[ ]-[ ]-[ ]-[ ]
    |   |   |   |   |   |
05 [ ]-[ ]-[ ]-[ ]-[ ]-[ ]
    |   |   |   |   |   |
06 [ ]-[ ]-[ ]-[ ]-[ ]-[ ]
Turno do jogador.
Escolha uma posicao livre:    a   b   c   d   e   f
01 [ ]-[ ]-[ ]-[ ]-[ ]-[ ]
    |   |   |   |   |   |
02 [ ]-[ ]-[X]-[ ]-[ ]-[ ]
    |   |   |   |   |   |
03 [ ]-[ ]-[ ]-[ ]-[ ]-[ ]
    |   |   |   |   |   |
04 [ ]-[ ]-[ ]-[ ]-[ ]-[ ]
    |   |   |   |   |   |
05 [ ]-[ ]-[ ]-[ ]-[ ]-[ ]
    |   |   |   |   |   |
06 [ ]-[ ]-[ ]-[ ]-[ ]-[ ]
Turno do computador (facil):
    a   b   c   d   e   f
01 [ ]-[ ]-[ ]-[ ]-[ ]-[ ]
    |   |   |   |   |   |
02 [ ]-[X]-[ ]-[ ]-[ ]-[ ]
    |   |   |   |   |   |
03 [ ]-[ ]-[ ]-[ ]-[ ]-[ ]
    |   |   |   |   |   |
04 [ ]-[ ]-[O]-[ ]-[ ]-[ ]
    |   |   |   |   |   |
05 [ ]-[ ]-[ ]-[ ]-[ ]-[ ]
    |   |   |   |   |   |
06 [ ]-[ ]-[ ]-[ ]-[ ]-[ ]
Turno do jogador.
Escolha uma posicao livre:    a   b   c   d   e   f
01 [X]-[ ]-[ ]-[ ]-[ ]-[ ]
    |   |   |   |   |   |
02 [ ]-[ ]-[ ]-[ ]-[ ]-[ ]
    |   |   |   |   |   |
03 [ ]-[X]-[ ]-[ ]-[ ]-[ ]
    |   |   |   |   |   |
04 [ ]-[ ]-[ ]-[O]-[ ]-[ ]
    |   |   |   |   |   |
05 [ ]-[ ]-[ ]-[ ]-[ ]-[ ]
    |   |   |   |   |   |
06 [ ]-[ ]-[ ]-[ ]-[ ]-[ ]
Turno do computador (facil):
    a   b   c   d   e   f
01 [ ]-[ ]-[ ]-[ ]-[ ]-[ ]
    |   |   |   |   |   |
02 [X]-[ ]-[ ]-[ ]-[ ]-[ ]
    |   |   |   |   |   |
03 [ ]-[ ]-[ ]-[O]-[ ]-[ ]
    |   |   |   |   |   |
04 [ ]-[X]-[O]-[ ]-[ ]-[ ]
    |   |   |   |   |   |
05 [ ]-[ ]-[ ]-[ ]-[ ]-[ ]
    |   |   |   |   |   |
06 [ ]-[ ]-[ ]-[ ]-[ ]-[ ]
Turno do jogador.
Escolha uma posicao livre:    a   b   c   d   e   f
01 [ ]-[ ]-[ ]-[ ]-[ ]-[ ]
    |   |   |   |   |   |
02 [ ]-[ ]-[ ]-[X]-[ ]-[ ]
    |   |   |   |   |   |
03 [X]-[ ]-[O]-[ ]-[ ]-[ ]
    |   |   |   |   |   |
04 [ ]-[ ]-[ ]-[O]-[ ]-[ ]
    |   |   |   |   |   |
05 [ ]-[X]-[ ]-[ ]-[ ]-[ ]
    |   |   |   |   |   |
06 [ ]-[ ]-[ ]-[ ]-[ ]-[ ]
Turno do computador (facil):
    a   b   c   d   e   f
01 [ ]-[ ]-[ ]-[ ]-[ ]-[ ]
    |   |   |   |   |   |
02 [ ]-[ ]-[X]-[ ]-[ ]-[ ]
    |   |   |   |   |   |
03 [ ]-[ ]-[O]-[O]-[ ]-[ ]
    |   |   |   |   |   |
04 [X]-[ ]-[O]-[ ]-[ ]-[ ]
    |   |   |   |   |   |
05 [ ]-[ ]-[X]-[ ]-[ ]-[ ]
    |   |   |   |   |   |
06 [ ]-[ ]-[ ]-[ ]-[ ]-[ ]
Turno do jogador.
Escolha uma posicao livre:    a   b   c   d   e   f
01 [ ]-[ ]-[ ]-[ ]-[ ]-[ ]
    |   |   |   |   |   |
02 [ ]-[X]-[ ]-[ ]-[ ]-[ ]
    |   |   |   |   |   |
03 [ ]-[ ]-[O]-[ ]-[ ]-[ ]
    |   |   |   |   |   |
04 [X]-[ ]-[O]-[O]-[ ]-[ ]
    |   |   |   |   |   |
05 [X]-[ ]-[ ]-[X]-[ ]-[ ]
    |   |   |   |   |   |
06 [ ]-[ ]-[ ]-[ ]-[ ]-[ ]
Turno do computador (facil):
    a   b   c   d   e   f
01 [ ]-[ ]-[ ]-[ ]-[ ]-[ ]
    |   |   |   |   |   |
02 [ ]-[ ]-[ ]-[ ]-[ ]-[ ]
    |   |   |   |   |   |
03 [ ]-[X]-[O]-[O]-[ ]-[ ]
    |   |   |   |   |   |
04 [ ]-[ ]-[O]-[O]-[ ]-[ ]
    |   |   |   |   |   |
05 [X]-[ ]-[ ]-[ ]-[X]-[ ]
    |   |   |   |   |   |
06 [X]-[ ]-[ ]-[ ]-[ ]-[ ]
Turno do jogador.
Escolha uma posicao livre:    a   b   c   d   e   f
01 [ ]-[ ]-[ ]-[ ]-[ ]-[ ]
    |   |   |   |   |   |
02 [ ]-[ ]-[ ]-[ ]-[ ]-[ ]
    |   |   |   |   |   |
03 [ ]-[ ]-[O]-[O]-[ ]-[ ]
    |   |   |   |   |   |
04 [ ]-[X]-[O]-[O]-[X]-[ ]
    |   |   |   |   |   |
05 [X]-[ ]-[ ]-[ ]-[ ]-[ ]
    |   |   |   |   |   |
06 [X]-[X]-[ ]-[ ]-[ ]-[ ]
Turno do computador (facil):
    a   b   c   d   e   f
01 [ ]-[ ]-[ ]-[ ]-[ ]-[ ]
    |   |   |   |   |   |
02 [ ]-[ ]-[ ]-[ ]-[ ]-[ ]
    |   |   |   |   |   |
03 [ ]-[O]-[O]-[O]-[X]-[ ]
    |   |   |   |   |   |
04 [ ]-[ ]-[O]-[O]-[ ]-[ ]
    |   |   |   |   |   |
05 [ ]-[X]-[ ]-[ ]-[ ]-[ ]
    |   |   |   |   |   |
06 [X]-[X]-[X]-[ ]-[ ]-[ ]
Turno do jogador.
Escolha uma posicao livre:    a   b   c   d   e   f
01 [ ]-[ ]-[ ]-[ ]-[ ]-[ ]
    |   |   |   |   |   |
02 [ ]-[ ]-[ ]-[ ]-[X]-[ ]
    |   |   |   |   |   |
03 [ ]-[ ]-[O]-[O]-[ ]-[ ]
    |   |   |   |   |   |
04 [ ]-[O]-[O]-[O]-[ ]-[ ]
    |   |   |   |   |   |
05 [ ]-[ ]-[X]-[ ]-[ ]-[ ]
    |   |   |   |   |   |
06 [ ]-[X]-[X]-[X]-[X]-[ ]
Turno do computador (facil):
    a   b   c   d   e   f
01 [ ]-[ ]-[ ]-[ ]-[ ]-[ ]
    |   |   |   |   |   |
02 [ ]-[ ]-[ ]-[X]-[ ]-[ ]
    |   |   |   |   |   |
03 [ ]-[O]-[O]-[O]-[ ]-[ ]
    |   |   |   |   |   |
04 [ ]-[ ]-[O]-[O]-[ ]-[ ]
    |   |   |   |   |   |
05 [ ]-[O]-[ ]-[X]-[ ]-[ ]
    |   |   |   |   |   |
06 [ ]-[ ]-[X]-[X]-[X]-[X]
Turno do jogador.
Escolha uma posicao livre:    a   b   c   d   e   f
01 [ ]-[ ]-[ ]-[ ]-[ ]-[ ]
    |   |   |   |   |   |
02 [ ]-[ ]-[X]-[ ]-[ ]-[ ]
    |   |   |   |   |   |
03 [ ]-[ ]-[O]-[O]-[ ]-[ ]
    |   |   |   |   |   |
04 [ ]-[O]-[O]-[O]-[ ]-[X]
    |   |   |   |   |   |
05 [ ]-[ ]-[O]-[ ]-[X]-[X]
    |   |   |   |   |   |
06 [ ]-[ ]-[ ]-[X]-[X]-[X]
Turno do computador (facil):
    a   b   c   d   e   f
01 [ ]-[ ]-[ ]-[ ]-[ ]-[ ]
    |   |   |   |   |   |
02 [ ]-[X]-[ ]-[ ]-[ ]-[ ]
    |   |   |   |   |   |
03 [ ]-[O]-[O]-[O]-[ ]-[X]
    |   |   |   |   |   |
04 [ ]-[ ]-[O]-[O]-[X]-[X]
    |   |   |   |   |   |
05 [ ]-[O]-[ ]-[O]-[ ]-[X]
    |   |   |   |   |   |
06 [ ]-[ ]-[ ]-[ ]-[X]-[X]
Turno do jogador.
Escolha uma posicao livre:    a   b   c   d   e   f
01 [ ]-[ ]-[ ]-[ ]-[ ]-[ ]
    |   |   |   |   |   |
02 [ ]-[ ]-[X]-[ ]-[ ]-[X]
    |   |   |   |   |   |
03 [ ]-[X]-[O]-[O]-[X]-[X]
    |   |   |   |   |   |
04 [ ]-[O]-[O]-[O]-[ ]-[X]
    |   |   |   |   |   |
05 [ ]-[ ]-[O]-[ ]-[O]-[X]
    |   |   |   |   |   |
06 [ ]-[ ]-[ ]-[ ]-[ ]-[X]
Turno do computador (facil):
    a   b   c   d   e   f
01 [ ]-[ ]-[ ]-[ ]-[ ]-[X]
    |   |   |   |   |   |
02 [ ]-[X]-[ ]-[ ]-[X]-[X]
    |   |   |   |   |   |
03 [ ]-[O]-[O]-[O]-[ ]-[X]
    |   |   |   |   |   |
04 [ ]-[X]-[O]-[O]-[O]-[X]
    |   |   |   |   |   |
05 [ ]-[O]-[ ]-[O]-[ ]-[X]
    |   |   |   |   |   |
06 [ ]-[ ]-[ ]-[ ]-[ ]-[ ]
Turno do jogador.
Escolha uma posicao livre:    a   b   c   d   e   f
01 [ ]-[ ]-[ ]-[X]-[X]-[X]
    |   |   |   |   |   |
02 [ ]-[ ]-[ ]-[X]-[ ]-[X]
    |   |   |   |   |   |
03 [ ]-[X]-[O]-[O]-[O]-[X]
    |   |   |   |   |   |
04 [ ]-[O]-[O]-[O]-[ ]-[X]
    |   |   |   |   |   |
05 [ ]-[X]-[O]-[ ]-[O]-[ ]
    |   |   |   |   |   |
06 [ ]-[ ]-[ ]-[ ]-[ ]-[ ]
Turno do computador (facil):
    a   b   c   d   e   f
01 [ ]-[ ]-[X]-[X]-[X]-[X]
    |   |   |   |   |   |
02 [ ]-[ ]-[X]-[ ]-[O]-[X]
    |   |   |   |   |   |
03 [ ]-[O]-[O]-[O]-[ ]-[X]
    |   |   |   |   |   |
04 [ ]-[X]-[O]-[O]-[O]-[ ]
    |   |   |   |   |   |
05 [ ]-[O]-[X]-[O]-[ ]-[ ]
    |   |   |   |   |   |
06 [ ]-[ ]-[ ]-[ ]-[ ]-[ ]
Turno do jogador.
Escolha uma posicao livre:    a   b   c   d   e   f
01 [X]-[X]-[X]-[X]-[X]-[X]
    |   |   |   |   |   |
02 [ ]-[X]-[ ]-[O]-[ ]-[X]
    |   |   |   |   |   |
03 [ ]-[ ]-[O]-[O]-[O]-[ ]
    |   |   |   |   |   |
04 [ ]-[O]-[O]-[O]-[ ]-[ ]
    |   |   |   |   |   |
05 [ ]-[X]-[O]-[X]-[O]-[ ]
    |   |   |   |   |   |
06 [ ]-[ ]-[ ]-[ ]-[ ]-[ ]
VITORIA
